Determining if the function sgemm_ exists failed with the following output:
Change Dir: /home/jl4519/Year4/Exercise_Files/5_2/CMakeFiles/CMakeScratch/TryCompile-QHrk6e

Run Build Command(s):/usr/bin/gmake -f Makefile cmTC_66c50/fast && /usr/bin/gmake  -f CMakeFiles/cmTC_66c50.dir/build.make CMakeFiles/cmTC_66c50.dir/build
gmake[1]: Entering directory '/home/jl4519/Year4/Exercise_Files/5_2/CMakeFiles/CMakeScratch/TryCompile-QHrk6e'
Building C object CMakeFiles/cmTC_66c50.dir/CheckFunctionExists.c.o
/usr/bin/cc   -DCHECK_FUNCTION_EXISTS=sgemm_ -o CMakeFiles/cmTC_66c50.dir/CheckFunctionExists.c.o -c /home/jl4519/Year4/Exercise_Files/5_2/CMakeFiles/CMakeScratch/TryCompile-QHrk6e/CheckFunctionExists.c
Linking C executable cmTC_66c50
/usr/bin/cmake -E cmake_link_script CMakeFiles/cmTC_66c50.dir/link.txt --verbose=1
/usr/bin/cc  -DCHECK_FUNCTION_EXISTS=sgemm_ -rdynamic CMakeFiles/cmTC_66c50.dir/CheckFunctionExists.c.o -o cmTC_66c50 
/usr/bin/ld: CMakeFiles/cmTC_66c50.dir/CheckFunctionExists.c.o: in function `main':
CheckFunctionExists.c:(.text+0x10): undefined reference to `sgemm_'
collect2: error: ld returned 1 exit status
gmake[1]: *** [CMakeFiles/cmTC_66c50.dir/build.make:99: cmTC_66c50] Error 1
gmake[1]: Leaving directory '/home/jl4519/Year4/Exercise_Files/5_2/CMakeFiles/CMakeScratch/TryCompile-QHrk6e'
gmake: *** [Makefile:127: cmTC_66c50/fast] Error 2



Determining if the function cheev_ exists failed with the following output:
Change Dir: /home/jl4519/Year4/Exercise_Files/5_2/CMakeFiles/CMakeScratch/TryCompile-u3hHR6

Run Build Command(s):/usr/bin/gmake -f Makefile cmTC_26764/fast && /usr/bin/gmake  -f CMakeFiles/cmTC_26764.dir/build.make CMakeFiles/cmTC_26764.dir/build
gmake[1]: Entering directory '/home/jl4519/Year4/Exercise_Files/5_2/CMakeFiles/CMakeScratch/TryCompile-u3hHR6'
Building C object CMakeFiles/cmTC_26764.dir/CheckFunctionExists.c.o
/usr/bin/cc   -DCHECK_FUNCTION_EXISTS=cheev_ -o CMakeFiles/cmTC_26764.dir/CheckFunctionExists.c.o -c /home/jl4519/Year4/Exercise_Files/5_2/CMakeFiles/CMakeScratch/TryCompile-u3hHR6/CheckFunctionExists.c
Linking C executable cmTC_26764
/usr/bin/cmake -E cmake_link_script CMakeFiles/cmTC_26764.dir/link.txt --verbose=1
/usr/bin/cc  -DCHECK_FUNCTION_EXISTS=cheev_ -rdynamic CMakeFiles/cmTC_26764.dir/CheckFunctionExists.c.o -o cmTC_26764  /usr/lib/x86_64-linux-gnu/libblas.so -lm -ldl 
/usr/bin/ld: CMakeFiles/cmTC_26764.dir/CheckFunctionExists.c.o: in function `main':
CheckFunctionExists.c:(.text+0x10): undefined reference to `cheev_'
collect2: error: ld returned 1 exit status
gmake[1]: *** [CMakeFiles/cmTC_26764.dir/build.make:100: cmTC_26764] Error 1
gmake[1]: Leaving directory '/home/jl4519/Year4/Exercise_Files/5_2/CMakeFiles/CMakeScratch/TryCompile-u3hHR6'
gmake: *** [Makefile:127: cmTC_26764/fast] Error 2



